// Jest Snapshot v1, https://goo.gl/fbAQLP

exports[`expressionTag 1`] = `"{ a: 1 }"`;

exports[`id placeholder 1`] = `"100 + 200 * 300"`;

exports[`id placeholder 2`] = `"100 + \\"some string\\""`;

exports[`node bind 1`] = `
"{
    a: A;
    b: B;
}"
`;

exports[`sourceTag 1`] = `
"type a = 100;
"
`;

exports[`statementTag 1`] = `"type a = 100;"`;

exports[`typeTag 1`] = `
"{
    a: 1;
}"
`;
