// Jest Snapshot v1, https://goo.gl/fbAQLP

exports[`Node type expressionTag 1`] = `"{ a: 1 }"`;

exports[`Node type jsxAttributeTag 1`] = `"id={id}"`;

exports[`Node type sourceTag 1`] = `
"type a = 100;
"
`;

exports[`Node type statementTag 1`] = `"type a = 100;"`;

exports[`Node type typeTag 1`] = `
"{
    a: 1;
}"
`;

exports[`Replacement id placeholder anonymous function 1`] = `"100 * fuga * 10"`;

exports[`Replacement id placeholder identifier to identifier replacement at type reference 1`] = `"type X = After;"`;

exports[`Replacement id placeholder identifier to type node replacement at type reference 1`] = `"type X = {};"`;

exports[`Replacement id placeholder nested 1`] = `"100 * hoge * 200"`;

exports[`Replacement id placeholder replacement 1`] = `"100 + 200 * 300"`;

exports[`Replacement id placeholder same identifiers 1`] = `"100 + 200 * 300 + 200 * 300"`;

exports[`Replacement node bind 1`] = `
"{
    a: A;
    b: B;
}"
`;

exports[`Replacement string placeholder 1`] = `
"{
    a: A;
    b: B;
}"
`;
