// Jest Snapshot v1, https://goo.gl/fbAQLP

exports[`Node type expressionTag 1`] = `"{ a: 1 }"`;

exports[`Node type sourceTag 1`] = `
"type a = 100;
"
`;

exports[`Node type statementTag 1`] = `"type a = 100;"`;

exports[`Node type typeTag 1`] = `
"{
    a: 1;
}"
`;

exports[`Replacement id placeholder 1`] = `"100 + 200 * 300"`;

exports[`Replacement id placeholder 2`] = `"100 + \\"some string\\""`;

exports[`Replacement node bind 1`] = `
"{
    a: A;
    b: B;
}"
`;

exports[`Replacement string placeholder 1`] = `
"{
    a: A;
    b: B;
}"
`;
